------------------------------------------------------------
Timing Analyzer Summary
------------------------------------------------------------

Type  : Slow 1100mV 85C Model Setup 'tc[0]'
Slack : -4.535
TNS   : -4.535

Type  : Slow 1100mV 85C Model Setup 'clock'
Slack : -2.492
TNS   : -35.044

Type  : Slow 1100mV 85C Model Hold 'clock'
Slack : 0.514
TNS   : 0.000

Type  : Slow 1100mV 85C Model Hold 'tc[0]'
Slack : 1.495
TNS   : 0.000

Type  : Slow 1100mV 85C Model Recovery 'tc[0]'
Slack : -4.534
TNS   : -4.534

Type  : Slow 1100mV 85C Model Recovery 'clock'
Slack : -2.970
TNS   : -39.910

Type  : Slow 1100mV 85C Model Removal 'clock'
Slack : 1.128
TNS   : 0.000

Type  : Slow 1100mV 85C Model Removal 'tc[0]'
Slack : 1.504
TNS   : 0.000

Type  : Slow 1100mV 85C Model Minimum Pulse Width 'clock'
Slack : -0.724
TNS   : -17.844

Type  : Slow 1100mV 85C Model Minimum Pulse Width 'tc[0]'
Slack : 0.398
TNS   : 0.000

Type  : Slow 1100mV 0C Model Setup 'tc[0]'
Slack : -4.663
TNS   : -4.663

Type  : Slow 1100mV 0C Model Setup 'clock'
Slack : -2.329
TNS   : -32.342

Type  : Slow 1100mV 0C Model Hold 'clock'
Slack : 0.533
TNS   : 0.000

Type  : Slow 1100mV 0C Model Hold 'tc[0]'
Slack : 1.265
TNS   : 0.000

Type  : Slow 1100mV 0C Model Recovery 'tc[0]'
Slack : -4.583
TNS   : -4.583

Type  : Slow 1100mV 0C Model Recovery 'clock'
Slack : -2.823
TNS   : -37.280

Type  : Slow 1100mV 0C Model Removal 'clock'
Slack : 1.073
TNS   : 0.000

Type  : Slow 1100mV 0C Model Removal 'tc[0]'
Slack : 1.194
TNS   : 0.000

Type  : Slow 1100mV 0C Model Minimum Pulse Width 'clock'
Slack : -0.724
TNS   : -17.789

Type  : Slow 1100mV 0C Model Minimum Pulse Width 'tc[0]'
Slack : 0.370
TNS   : 0.000

Type  : Fast 1100mV 85C Model Setup 'tc[0]'
Slack : -2.229
TNS   : -2.229

Type  : Fast 1100mV 85C Model Setup 'clock'
Slack : -1.367
TNS   : -18.787

Type  : Fast 1100mV 85C Model Hold 'clock'
Slack : 0.178
TNS   : 0.000

Type  : Fast 1100mV 85C Model Hold 'tc[0]'
Slack : 0.617
TNS   : 0.000

Type  : Fast 1100mV 85C Model Recovery 'tc[0]'
Slack : -2.362
TNS   : -2.362

Type  : Fast 1100mV 85C Model Recovery 'clock'
Slack : -0.641
TNS   : -6.734

Type  : Fast 1100mV 85C Model Removal 'clock'
Slack : 0.463
TNS   : 0.000

Type  : Fast 1100mV 85C Model Removal 'tc[0]'
Slack : 0.704
TNS   : 0.000

Type  : Fast 1100mV 85C Model Minimum Pulse Width 'clock'
Slack : -0.088
TNS   : -1.376

Type  : Fast 1100mV 85C Model Minimum Pulse Width 'tc[0]'
Slack : -0.014
TNS   : -0.035

Type  : Fast 1100mV 0C Model Setup 'tc[0]'
Slack : -2.035
TNS   : -2.035

Type  : Fast 1100mV 0C Model Setup 'clock'
Slack : -1.218
TNS   : -16.652

Type  : Fast 1100mV 0C Model Hold 'clock'
Slack : 0.145
TNS   : 0.000

Type  : Fast 1100mV 0C Model Hold 'tc[0]'
Slack : 0.513
TNS   : 0.000

Type  : Fast 1100mV 0C Model Recovery 'tc[0]'
Slack : -2.137
TNS   : -2.137

Type  : Fast 1100mV 0C Model Recovery 'clock'
Slack : -0.499
TNS   : -4.972

Type  : Fast 1100mV 0C Model Removal 'clock'
Slack : 0.416
TNS   : 0.000

Type  : Fast 1100mV 0C Model Removal 'tc[0]'
Slack : 0.566
TNS   : 0.000

Type  : Fast 1100mV 0C Model Minimum Pulse Width 'clock'
Slack : -0.091
TNS   : -1.418

Type  : Fast 1100mV 0C Model Minimum Pulse Width 'tc[0]'
Slack : 0.000
TNS   : 0.000

------------------------------------------------------------
